2025-11-07T12:57:00.531+07:00  INFO 13360 --- [CMS] [main] C.CMS.CmsApplication                     : Starting CmsApplication using Java 17.0.10 with PID 13360 (C:\Users\User\cms\ChurchManagementSystem\CMS\target\classes started by User in C:\Users\User\cms\ChurchManagementSystem)
2025-11-07T12:57:00.544+07:00  INFO 13360 --- [CMS] [main] C.CMS.CmsApplication                     : The following 1 profile is active: "local"
2025-11-07T12:57:02.672+07:00  INFO 13360 --- [CMS] [main] .s.d.r.c.RepositoryConfigurationDelegate : Bootstrapping Spring Data JPA repositories in DEFAULT mode.
2025-11-07T12:57:02.891+07:00  INFO 13360 --- [CMS] [main] .s.d.r.c.RepositoryConfigurationDelegate : Finished Spring Data repository scanning in 202 ms. Found 9 JPA repository interfaces.
2025-11-07T12:57:04.226+07:00  INFO 13360 --- [CMS] [main] o.s.b.w.embedded.tomcat.TomcatWebServer  : Tomcat initialized with port 8080 (http)
2025-11-07T12:57:04.252+07:00  INFO 13360 --- [CMS] [main] o.apache.catalina.core.StandardService   : Starting service [Tomcat]
2025-11-07T12:57:04.253+07:00  INFO 13360 --- [CMS] [main] o.apache.catalina.core.StandardEngine    : Starting Servlet engine: [Apache Tomcat/10.1.25]
2025-11-07T12:57:04.562+07:00  INFO 13360 --- [CMS] [main] o.a.c.c.C.[Tomcat].[localhost].[/]       : Initializing Spring embedded WebApplicationContext
2025-11-07T12:57:04.563+07:00  INFO 13360 --- [CMS] [main] w.s.c.ServletWebServerApplicationContext : Root WebApplicationContext: initialization completed in 3927 ms
2025-11-07T12:57:05.313+07:00  INFO 13360 --- [CMS] [main] o.hibernate.jpa.internal.util.LogHelper  : HHH000204: Processing PersistenceUnitInfo [name: default]
2025-11-07T12:57:05.507+07:00  INFO 13360 --- [CMS] [main] org.hibernate.Version                    : HHH000412: Hibernate ORM core version 6.5.2.Final
2025-11-07T12:57:05.608+07:00  INFO 13360 --- [CMS] [main] o.h.c.internal.RegionFactoryInitiator    : HHH000026: Second-level cache disabled
2025-11-07T12:57:05.834+07:00  INFO 13360 --- [CMS] [main] com.zaxxer.hikari.HikariDataSource       : HikariPool-1 - Starting...
2025-11-07T12:57:06.052+07:00  INFO 13360 --- [CMS] [main] com.zaxxer.hikari.pool.HikariPool        : HikariPool-1 - Added connection org.postgresql.jdbc.PgConnection@3513d214
2025-11-07T12:57:06.056+07:00  INFO 13360 --- [CMS] [main] com.zaxxer.hikari.HikariDataSource       : HikariPool-1 - Start completed.
2025-11-07T12:57:06.192+07:00  WARN 13360 --- [CMS] [main] org.hibernate.orm.deprecation            : HHH90000025: PostgreSQLDialect does not need to be specified explicitly using 'hibernate.dialect' (remove the property setting and it will be selected by default)
2025-11-07T12:57:06.746+07:00  INFO 13360 --- [CMS] [main] o.s.o.j.p.SpringPersistenceUnitInfo      : No LoadTimeWeaver setup: ignoring JPA class transformer
2025-11-07T12:57:08.267+07:00  INFO 13360 --- [CMS] [main] o.h.e.t.j.p.i.JtaPlatformInitiator       : HHH000489: No JTA platform available (set 'hibernate.transaction.jta.platform' to enable JTA platform integration)
2025-11-07T12:57:08.300+07:00  WARN 13360 --- [CMS] [main] o.h.engine.jdbc.spi.SqlExceptionHelper   : SQL Warning Code: 0, SQLState: 00000
2025-11-07T12:57:08.300+07:00  WARN 13360 --- [CMS] [main] o.h.engine.jdbc.spi.SqlExceptionHelper   : table "materialized_view_birthdate_coming" does not exist, skipping
2025-11-07T12:57:08.301+07:00  WARN 13360 --- [CMS] [main] o.h.engine.jdbc.spi.SqlExceptionHelper   : SQL Warning Code: 0, SQLState: 00000
2025-11-07T12:57:08.301+07:00  WARN 13360 --- [CMS] [main] o.h.engine.jdbc.spi.SqlExceptionHelper   : table "master_activity" does not exist, skipping
2025-11-07T12:57:08.302+07:00  WARN 13360 --- [CMS] [main] o.h.engine.jdbc.spi.SqlExceptionHelper   : SQL Warning Code: 0, SQLState: 00000
2025-11-07T12:57:08.303+07:00  WARN 13360 --- [CMS] [main] o.h.engine.jdbc.spi.SqlExceptionHelper   : table "master_asset" does not exist, skipping
2025-11-07T12:57:08.304+07:00  WARN 13360 --- [CMS] [main] o.h.engine.jdbc.spi.SqlExceptionHelper   : SQL Warning Code: 0, SQLState: 00000
2025-11-07T12:57:08.305+07:00  WARN 13360 --- [CMS] [main] o.h.engine.jdbc.spi.SqlExceptionHelper   : table "master_board" does not exist, skipping
2025-11-07T12:57:08.305+07:00  WARN 13360 --- [CMS] [main] o.h.engine.jdbc.spi.SqlExceptionHelper   : SQL Warning Code: 0, SQLState: 00000
2025-11-07T12:57:08.305+07:00  WARN 13360 --- [CMS] [main] o.h.engine.jdbc.spi.SqlExceptionHelper   : table "master_congregation" does not exist, skipping
2025-11-07T12:57:08.306+07:00  WARN 13360 --- [CMS] [main] o.h.engine.jdbc.spi.SqlExceptionHelper   : SQL Warning Code: 0, SQLState: 00000
2025-11-07T12:57:08.307+07:00  WARN 13360 --- [CMS] [main] o.h.engine.jdbc.spi.SqlExceptionHelper   : table "master_news" does not exist, skipping
2025-11-07T12:57:08.308+07:00  WARN 13360 --- [CMS] [main] o.h.engine.jdbc.spi.SqlExceptionHelper   : SQL Warning Code: 0, SQLState: 00000
2025-11-07T12:57:08.308+07:00  WARN 13360 --- [CMS] [main] o.h.engine.jdbc.spi.SqlExceptionHelper   : table "tb_income" does not exist, skipping
2025-11-07T12:57:08.309+07:00  WARN 13360 --- [CMS] [main] o.h.engine.jdbc.spi.SqlExceptionHelper   : SQL Warning Code: 0, SQLState: 00000
2025-11-07T12:57:08.310+07:00  WARN 13360 --- [CMS] [main] o.h.engine.jdbc.spi.SqlExceptionHelper   : table "tb_outcome" does not exist, skipping
2025-11-07T12:57:08.311+07:00  WARN 13360 --- [CMS] [main] o.h.engine.jdbc.spi.SqlExceptionHelper   : SQL Warning Code: 0, SQLState: 00000
2025-11-07T12:57:08.311+07:00  WARN 13360 --- [CMS] [main] o.h.engine.jdbc.spi.SqlExceptionHelper   : table "users" does not exist, skipping
2025-11-07T12:57:08.503+07:00  INFO 13360 --- [CMS] [main] j.LocalContainerEntityManagerFactoryBean : Initialized JPA EntityManagerFactory for persistence unit 'default'
2025-11-07T12:57:09.516+07:00  INFO 13360 --- [CMS] [main] o.s.d.j.r.query.QueryEnhancerFactory     : Hibernate is in classpath; If applicable, HQL parser will be used.
2025-11-07T12:57:10.626+07:00  WARN 13360 --- [CMS] [main] JpaBaseConfiguration$JpaWebConfiguration : spring.jpa.open-in-view is enabled by default. Therefore, database queries may be performed during view rendering. Explicitly configure spring.jpa.open-in-view to disable this warning
2025-11-07T12:57:10.662+07:00  INFO 13360 --- [CMS] [main] r$InitializeUserDetailsManagerConfigurer : Global AuthenticationManager configured with UserDetailsService bean with name customUserDetailService
2025-11-07T12:57:11.644+07:00  INFO 13360 --- [CMS] [main] o.s.b.w.embedded.tomcat.TomcatWebServer  : Tomcat started on port 8080 (http) with context path '/'
2025-11-07T12:57:11.664+07:00  INFO 13360 --- [CMS] [main] C.CMS.CmsApplication                     : Started CmsApplication in 11.988 seconds (process running for 20.29)
2025-11-07T12:58:20.900+07:00  INFO 13360 --- [CMS] [http-nio-8080-exec-1] o.a.c.c.C.[Tomcat].[localhost].[/]       : Initializing Spring DispatcherServlet 'dispatcherServlet'
2025-11-07T13:01:27.793+07:00  INFO 13360 --- [CMS] [SpringApplicationShutdownHook] j.LocalContainerEntityManagerFactoryBean : Closing JPA EntityManagerFactory for persistence unit 'default'
2025-11-07T13:01:27.858+07:00  INFO 13360 --- [CMS] [SpringApplicationShutdownHook] com.zaxxer.hikari.HikariDataSource       : HikariPool-1 - Shutdown initiated...
2025-11-07T13:01:27.868+07:00  INFO 13360 --- [CMS] [SpringApplicationShutdownHook] com.zaxxer.hikari.HikariDataSource       : HikariPool-1 - Shutdown completed.
2025-11-07T13:01:30.735+07:00  INFO 14472 --- [CMS] [main] C.CMS.CmsApplication                     : Starting CmsApplication using Java 17.0.10 with PID 14472 (C:\Users\User\cms\ChurchManagementSystem\CMS\target\classes started by User in C:\Users\User\cms\ChurchManagementSystem)
2025-11-07T13:01:30.742+07:00  INFO 14472 --- [CMS] [main] C.CMS.CmsApplication                     : The following 1 profile is active: "local"
2025-11-07T13:01:32.358+07:00  INFO 14472 --- [CMS] [main] .s.d.r.c.RepositoryConfigurationDelegate : Bootstrapping Spring Data JPA repositories in DEFAULT mode.
2025-11-07T13:01:32.504+07:00  INFO 14472 --- [CMS] [main] .s.d.r.c.RepositoryConfigurationDelegate : Finished Spring Data repository scanning in 135 ms. Found 9 JPA repository interfaces.
2025-11-07T13:01:33.419+07:00  INFO 14472 --- [CMS] [main] o.s.b.w.embedded.tomcat.TomcatWebServer  : Tomcat initialized with port 8080 (http)
2025-11-07T13:01:33.419+07:00  INFO 14472 --- [CMS] [main] o.apache.catalina.core.StandardService   : Starting service [Tomcat]
2025-11-07T13:01:33.419+07:00  INFO 14472 --- [CMS] [main] o.apache.catalina.core.StandardEngine    : Starting Servlet engine: [Apache Tomcat/10.1.25]
2025-11-07T13:01:33.523+07:00  INFO 14472 --- [CMS] [main] o.a.c.c.C.[Tomcat].[localhost].[/]       : Initializing Spring embedded WebApplicationContext
2025-11-07T13:01:33.523+07:00  INFO 14472 --- [CMS] [main] w.s.c.ServletWebServerApplicationContext : Root WebApplicationContext: initialization completed in 2721 ms
2025-11-07T13:01:33.720+07:00  INFO 14472 --- [CMS] [main] o.hibernate.jpa.internal.util.LogHelper  : HHH000204: Processing PersistenceUnitInfo [name: default]
2025-11-07T13:01:33.823+07:00  INFO 14472 --- [CMS] [main] org.hibernate.Version                    : HHH000412: Hibernate ORM core version 6.5.2.Final
2025-11-07T13:01:33.887+07:00  INFO 14472 --- [CMS] [main] o.h.c.internal.RegionFactoryInitiator    : HHH000026: Second-level cache disabled
2025-11-07T13:01:34.077+07:00  INFO 14472 --- [CMS] [main] com.zaxxer.hikari.HikariDataSource       : HikariPool-1 - Starting...
2025-11-07T13:01:34.324+07:00  INFO 14472 --- [CMS] [main] com.zaxxer.hikari.pool.HikariPool        : HikariPool-1 - Added connection org.postgresql.jdbc.PgConnection@7608a838
2025-11-07T13:01:34.330+07:00  INFO 14472 --- [CMS] [main] com.zaxxer.hikari.HikariDataSource       : HikariPool-1 - Start completed.
2025-11-07T13:01:34.476+07:00  WARN 14472 --- [CMS] [main] org.hibernate.orm.deprecation            : HHH90000025: PostgreSQLDialect does not need to be specified explicitly using 'hibernate.dialect' (remove the property setting and it will be selected by default)
2025-11-07T13:01:35.450+07:00  INFO 14472 --- [CMS] [main] o.s.o.j.p.SpringPersistenceUnitInfo      : No LoadTimeWeaver setup: ignoring JPA class transformer
2025-11-07T13:01:37.232+07:00  INFO 14472 --- [CMS] [main] o.h.e.t.j.p.i.JtaPlatformInitiator       : HHH000489: No JTA platform available (set 'hibernate.transaction.jta.platform' to enable JTA platform integration)
2025-11-07T13:01:37.259+07:00  WARN 14472 --- [CMS] [main] o.h.engine.jdbc.spi.SqlExceptionHelper   : SQL Warning Code: 0, SQLState: 00000
2025-11-07T13:01:37.259+07:00  WARN 14472 --- [CMS] [main] o.h.engine.jdbc.spi.SqlExceptionHelper   : table "materialized_view_birthdate_coming" does not exist, skipping
2025-11-07T13:01:37.259+07:00  WARN 14472 --- [CMS] [main] o.h.engine.jdbc.spi.SqlExceptionHelper   : SQL Warning Code: 0, SQLState: 00000
2025-11-07T13:01:37.259+07:00  WARN 14472 --- [CMS] [main] o.h.engine.jdbc.spi.SqlExceptionHelper   : table "master_activity" does not exist, skipping
2025-11-07T13:01:37.261+07:00  WARN 14472 --- [CMS] [main] o.h.engine.jdbc.spi.SqlExceptionHelper   : SQL Warning Code: 0, SQLState: 00000
2025-11-07T13:01:37.261+07:00  WARN 14472 --- [CMS] [main] o.h.engine.jdbc.spi.SqlExceptionHelper   : table "master_asset" does not exist, skipping
2025-11-07T13:01:37.262+07:00  WARN 14472 --- [CMS] [main] o.h.engine.jdbc.spi.SqlExceptionHelper   : SQL Warning Code: 0, SQLState: 00000
2025-11-07T13:01:37.262+07:00  WARN 14472 --- [CMS] [main] o.h.engine.jdbc.spi.SqlExceptionHelper   : table "master_board" does not exist, skipping
2025-11-07T13:01:37.262+07:00  WARN 14472 --- [CMS] [main] o.h.engine.jdbc.spi.SqlExceptionHelper   : SQL Warning Code: 0, SQLState: 00000
2025-11-07T13:01:37.262+07:00  WARN 14472 --- [CMS] [main] o.h.engine.jdbc.spi.SqlExceptionHelper   : table "master_congregation" does not exist, skipping
2025-11-07T13:01:37.262+07:00  WARN 14472 --- [CMS] [main] o.h.engine.jdbc.spi.SqlExceptionHelper   : SQL Warning Code: 0, SQLState: 00000
2025-11-07T13:01:37.262+07:00  WARN 14472 --- [CMS] [main] o.h.engine.jdbc.spi.SqlExceptionHelper   : table "master_news" does not exist, skipping
2025-11-07T13:01:37.262+07:00  WARN 14472 --- [CMS] [main] o.h.engine.jdbc.spi.SqlExceptionHelper   : SQL Warning Code: 0, SQLState: 00000
2025-11-07T13:01:37.262+07:00  WARN 14472 --- [CMS] [main] o.h.engine.jdbc.spi.SqlExceptionHelper   : table "tb_income" does not exist, skipping
2025-11-07T13:01:37.262+07:00  WARN 14472 --- [CMS] [main] o.h.engine.jdbc.spi.SqlExceptionHelper   : SQL Warning Code: 0, SQLState: 00000
2025-11-07T13:01:37.262+07:00  WARN 14472 --- [CMS] [main] o.h.engine.jdbc.spi.SqlExceptionHelper   : table "tb_outcome" does not exist, skipping
2025-11-07T13:01:37.262+07:00  WARN 14472 --- [CMS] [main] o.h.engine.jdbc.spi.SqlExceptionHelper   : SQL Warning Code: 0, SQLState: 00000
2025-11-07T13:01:37.262+07:00  WARN 14472 --- [CMS] [main] o.h.engine.jdbc.spi.SqlExceptionHelper   : table "users" does not exist, skipping
2025-11-07T13:01:37.407+07:00  INFO 14472 --- [CMS] [main] j.LocalContainerEntityManagerFactoryBean : Initialized JPA EntityManagerFactory for persistence unit 'default'
2025-11-07T13:01:38.690+07:00  INFO 14472 --- [CMS] [main] o.s.d.j.r.query.QueryEnhancerFactory     : Hibernate is in classpath; If applicable, HQL parser will be used.
2025-11-07T13:01:40.013+07:00  WARN 14472 --- [CMS] [main] JpaBaseConfiguration$JpaWebConfiguration : spring.jpa.open-in-view is enabled by default. Therefore, database queries may be performed during view rendering. Explicitly configure spring.jpa.open-in-view to disable this warning
2025-11-07T13:01:40.042+07:00  INFO 14472 --- [CMS] [main] r$InitializeUserDetailsManagerConfigurer : Global AuthenticationManager configured with UserDetailsService bean with name customUserDetailService
2025-11-07T13:01:41.602+07:00  INFO 14472 --- [CMS] [main] o.s.b.w.embedded.tomcat.TomcatWebServer  : Tomcat started on port 8080 (http) with context path '/'
2025-11-07T13:01:41.619+07:00  INFO 14472 --- [CMS] [main] C.CMS.CmsApplication                     : Started CmsApplication in 11.561 seconds (process running for 12.2)
2025-11-07T13:02:30.105+07:00  INFO 14472 --- [CMS] [http-nio-8080-exec-2] o.a.c.c.C.[Tomcat].[localhost].[/]       : Initializing Spring DispatcherServlet 'dispatcherServlet'
2025-11-07T13:04:25.445+07:00  INFO 14472 --- [CMS] [SpringApplicationShutdownHook] j.LocalContainerEntityManagerFactoryBean : Closing JPA EntityManagerFactory for persistence unit 'default'
2025-11-07T13:04:25.509+07:00  INFO 14472 --- [CMS] [SpringApplicationShutdownHook] com.zaxxer.hikari.HikariDataSource       : HikariPool-1 - Shutdown initiated...
2025-11-07T13:04:25.517+07:00  INFO 14472 --- [CMS] [SpringApplicationShutdownHook] com.zaxxer.hikari.HikariDataSource       : HikariPool-1 - Shutdown completed.
2025-11-07T13:04:30.076+07:00  INFO 14840 --- [CMS] [main] C.CMS.CmsApplication                     : Starting CmsApplication using Java 17.0.10 with PID 14840 (C:\Users\User\cms\ChurchManagementSystem\CMS\target\classes started by User in C:\Users\User\cms\ChurchManagementSystem)
2025-11-07T13:04:30.076+07:00  INFO 14840 --- [CMS] [main] C.CMS.CmsApplication                     : The following 1 profile is active: "local"
2025-11-07T13:04:31.434+07:00  INFO 14840 --- [CMS] [main] .s.d.r.c.RepositoryConfigurationDelegate : Bootstrapping Spring Data JPA repositories in DEFAULT mode.
2025-11-07T13:04:31.596+07:00  INFO 14840 --- [CMS] [main] .s.d.r.c.RepositoryConfigurationDelegate : Finished Spring Data repository scanning in 141 ms. Found 9 JPA repository interfaces.
2025-11-07T13:04:32.488+07:00  INFO 14840 --- [CMS] [main] o.s.b.w.embedded.tomcat.TomcatWebServer  : Tomcat initialized with port 8080 (http)
2025-11-07T13:04:32.504+07:00  INFO 14840 --- [CMS] [main] o.apache.catalina.core.StandardService   : Starting service [Tomcat]
2025-11-07T13:04:32.504+07:00  INFO 14840 --- [CMS] [main] o.apache.catalina.core.StandardEngine    : Starting Servlet engine: [Apache Tomcat/10.1.25]
2025-11-07T13:04:32.600+07:00  INFO 14840 --- [CMS] [main] o.a.c.c.C.[Tomcat].[localhost].[/]       : Initializing Spring embedded WebApplicationContext
2025-11-07T13:04:32.600+07:00  INFO 14840 --- [CMS] [main] w.s.c.ServletWebServerApplicationContext : Root WebApplicationContext: initialization completed in 2467 ms
2025-11-07T13:04:32.791+07:00  INFO 14840 --- [CMS] [main] o.hibernate.jpa.internal.util.LogHelper  : HHH000204: Processing PersistenceUnitInfo [name: default]
2025-11-07T13:04:32.910+07:00  INFO 14840 --- [CMS] [main] org.hibernate.Version                    : HHH000412: Hibernate ORM core version 6.5.2.Final
2025-11-07T13:04:32.972+07:00  INFO 14840 --- [CMS] [main] o.h.c.internal.RegionFactoryInitiator    : HHH000026: Second-level cache disabled
2025-11-07T13:04:33.130+07:00  INFO 14840 --- [CMS] [main] com.zaxxer.hikari.HikariDataSource       : HikariPool-1 - Starting...
2025-11-07T13:04:33.346+07:00  INFO 14840 --- [CMS] [main] com.zaxxer.hikari.pool.HikariPool        : HikariPool-1 - Added connection org.postgresql.jdbc.PgConnection@4fd7b79
2025-11-07T13:04:33.348+07:00  INFO 14840 --- [CMS] [main] com.zaxxer.hikari.HikariDataSource       : HikariPool-1 - Start completed.
2025-11-07T13:04:33.407+07:00  WARN 14840 --- [CMS] [main] org.hibernate.orm.deprecation            : HHH90000025: PostgreSQLDialect does not need to be specified explicitly using 'hibernate.dialect' (remove the property setting and it will be selected by default)
2025-11-07T13:04:33.913+07:00  INFO 14840 --- [CMS] [main] o.s.o.j.p.SpringPersistenceUnitInfo      : No LoadTimeWeaver setup: ignoring JPA class transformer
2025-11-07T13:04:35.401+07:00  INFO 14840 --- [CMS] [main] o.h.e.t.j.p.i.JtaPlatformInitiator       : HHH000489: No JTA platform available (set 'hibernate.transaction.jta.platform' to enable JTA platform integration)
2025-11-07T13:04:35.417+07:00  WARN 14840 --- [CMS] [main] o.h.engine.jdbc.spi.SqlExceptionHelper   : SQL Warning Code: 0, SQLState: 00000
2025-11-07T13:04:35.417+07:00  WARN 14840 --- [CMS] [main] o.h.engine.jdbc.spi.SqlExceptionHelper   : table "materialized_view_birthdate_coming" does not exist, skipping
2025-11-07T13:04:35.417+07:00  WARN 14840 --- [CMS] [main] o.h.engine.jdbc.spi.SqlExceptionHelper   : SQL Warning Code: 0, SQLState: 00000
2025-11-07T13:04:35.417+07:00  WARN 14840 --- [CMS] [main] o.h.engine.jdbc.spi.SqlExceptionHelper   : table "master_activity" does not exist, skipping
2025-11-07T13:04:35.417+07:00  WARN 14840 --- [CMS] [main] o.h.engine.jdbc.spi.SqlExceptionHelper   : SQL Warning Code: 0, SQLState: 00000
2025-11-07T13:04:35.417+07:00  WARN 14840 --- [CMS] [main] o.h.engine.jdbc.spi.SqlExceptionHelper   : table "master_asset" does not exist, skipping
2025-11-07T13:04:35.417+07:00  WARN 14840 --- [CMS] [main] o.h.engine.jdbc.spi.SqlExceptionHelper   : SQL Warning Code: 0, SQLState: 00000
2025-11-07T13:04:35.417+07:00  WARN 14840 --- [CMS] [main] o.h.engine.jdbc.spi.SqlExceptionHelper   : table "master_board" does not exist, skipping
2025-11-07T13:04:35.417+07:00  WARN 14840 --- [CMS] [main] o.h.engine.jdbc.spi.SqlExceptionHelper   : SQL Warning Code: 0, SQLState: 00000
2025-11-07T13:04:35.417+07:00  WARN 14840 --- [CMS] [main] o.h.engine.jdbc.spi.SqlExceptionHelper   : table "master_congregation" does not exist, skipping
2025-11-07T13:04:35.417+07:00  WARN 14840 --- [CMS] [main] o.h.engine.jdbc.spi.SqlExceptionHelper   : SQL Warning Code: 0, SQLState: 00000
2025-11-07T13:04:35.417+07:00  WARN 14840 --- [CMS] [main] o.h.engine.jdbc.spi.SqlExceptionHelper   : table "master_news" does not exist, skipping
2025-11-07T13:04:35.417+07:00  WARN 14840 --- [CMS] [main] o.h.engine.jdbc.spi.SqlExceptionHelper   : SQL Warning Code: 0, SQLState: 00000
2025-11-07T13:04:35.417+07:00  WARN 14840 --- [CMS] [main] o.h.engine.jdbc.spi.SqlExceptionHelper   : table "tb_income" does not exist, skipping
2025-11-07T13:04:35.433+07:00  WARN 14840 --- [CMS] [main] o.h.engine.jdbc.spi.SqlExceptionHelper   : SQL Warning Code: 0, SQLState: 00000
2025-11-07T13:04:35.433+07:00  WARN 14840 --- [CMS] [main] o.h.engine.jdbc.spi.SqlExceptionHelper   : table "tb_outcome" does not exist, skipping
2025-11-07T13:04:35.433+07:00  WARN 14840 --- [CMS] [main] o.h.engine.jdbc.spi.SqlExceptionHelper   : SQL Warning Code: 0, SQLState: 00000
2025-11-07T13:04:35.433+07:00  WARN 14840 --- [CMS] [main] o.h.engine.jdbc.spi.SqlExceptionHelper   : table "users" does not exist, skipping
2025-11-07T13:04:35.545+07:00  INFO 14840 --- [CMS] [main] j.LocalContainerEntityManagerFactoryBean : Initialized JPA EntityManagerFactory for persistence unit 'default'
2025-11-07T13:04:36.456+07:00  INFO 14840 --- [CMS] [main] o.s.d.j.r.query.QueryEnhancerFactory     : Hibernate is in classpath; If applicable, HQL parser will be used.
2025-11-07T13:04:37.520+07:00  WARN 14840 --- [CMS] [main] JpaBaseConfiguration$JpaWebConfiguration : spring.jpa.open-in-view is enabled by default. Therefore, database queries may be performed during view rendering. Explicitly configure spring.jpa.open-in-view to disable this warning
2025-11-07T13:04:37.548+07:00  INFO 14840 --- [CMS] [main] r$InitializeUserDetailsManagerConfigurer : Global AuthenticationManager configured with UserDetailsService bean with name customUserDetailService
2025-11-07T13:04:38.560+07:00  INFO 14840 --- [CMS] [main] o.s.b.w.embedded.tomcat.TomcatWebServer  : Tomcat started on port 8080 (http) with context path '/'
2025-11-07T13:04:38.581+07:00  INFO 14840 --- [CMS] [main] C.CMS.CmsApplication                     : Started CmsApplication in 9.148 seconds (process running for 9.684)
2025-11-07T13:04:46.155+07:00  INFO 14840 --- [CMS] [http-nio-8080-exec-9] o.a.c.c.C.[Tomcat].[localhost].[/]       : Initializing Spring DispatcherServlet 'dispatcherServlet'
2025-11-07T13:05:03.271+07:00  INFO 14840 --- [CMS] [SpringApplicationShutdownHook] j.LocalContainerEntityManagerFactoryBean : Closing JPA EntityManagerFactory for persistence unit 'default'
2025-11-07T13:05:03.337+07:00  INFO 14840 --- [CMS] [SpringApplicationShutdownHook] com.zaxxer.hikari.HikariDataSource       : HikariPool-1 - Shutdown initiated...
2025-11-07T13:05:03.342+07:00  INFO 14840 --- [CMS] [SpringApplicationShutdownHook] com.zaxxer.hikari.HikariDataSource       : HikariPool-1 - Shutdown completed.
2025-11-07T13:05:07.947+07:00  INFO 3656 --- [CMS] [main] C.CMS.CmsApplication                     : Starting CmsApplication using Java 17.0.10 with PID 3656 (C:\Users\User\cms\ChurchManagementSystem\CMS\target\classes started by User in C:\Users\User\cms\ChurchManagementSystem)
2025-11-07T13:05:07.951+07:00  INFO 3656 --- [CMS] [main] C.CMS.CmsApplication                     : The following 1 profile is active: "local"
2025-11-07T13:05:09.370+07:00  INFO 3656 --- [CMS] [main] .s.d.r.c.RepositoryConfigurationDelegate : Bootstrapping Spring Data JPA repositories in DEFAULT mode.
2025-11-07T13:05:09.530+07:00  INFO 3656 --- [CMS] [main] .s.d.r.c.RepositoryConfigurationDelegate : Finished Spring Data repository scanning in 143 ms. Found 9 JPA repository interfaces.
2025-11-07T13:05:10.419+07:00  INFO 3656 --- [CMS] [main] o.s.b.w.embedded.tomcat.TomcatWebServer  : Tomcat initialized with port 8080 (http)
2025-11-07T13:05:10.437+07:00  INFO 3656 --- [CMS] [main] o.apache.catalina.core.StandardService   : Starting service [Tomcat]
2025-11-07T13:05:10.439+07:00  INFO 3656 --- [CMS] [main] o.apache.catalina.core.StandardEngine    : Starting Servlet engine: [Apache Tomcat/10.1.25]
2025-11-07T13:05:10.543+07:00  INFO 3656 --- [CMS] [main] o.a.c.c.C.[Tomcat].[localhost].[/]       : Initializing Spring embedded WebApplicationContext
2025-11-07T13:05:10.543+07:00  INFO 3656 --- [CMS] [main] w.s.c.ServletWebServerApplicationContext : Root WebApplicationContext: initialization completed in 2520 ms
2025-11-07T13:05:10.733+07:00  INFO 3656 --- [CMS] [main] o.hibernate.jpa.internal.util.LogHelper  : HHH000204: Processing PersistenceUnitInfo [name: default]
2025-11-07T13:05:10.844+07:00  INFO 3656 --- [CMS] [main] org.hibernate.Version                    : HHH000412: Hibernate ORM core version 6.5.2.Final
2025-11-07T13:05:10.908+07:00  INFO 3656 --- [CMS] [main] o.h.c.internal.RegionFactoryInitiator    : HHH000026: Second-level cache disabled
2025-11-07T13:05:11.080+07:00  INFO 3656 --- [CMS] [main] com.zaxxer.hikari.HikariDataSource       : HikariPool-1 - Starting...
2025-11-07T13:05:11.241+07:00  INFO 3656 --- [CMS] [main] com.zaxxer.hikari.pool.HikariPool        : HikariPool-1 - Added connection org.postgresql.jdbc.PgConnection@2ae3235e
2025-11-07T13:05:11.243+07:00  INFO 3656 --- [CMS] [main] com.zaxxer.hikari.HikariDataSource       : HikariPool-1 - Start completed.
2025-11-07T13:05:11.307+07:00  WARN 3656 --- [CMS] [main] org.hibernate.orm.deprecation            : HHH90000025: PostgreSQLDialect does not need to be specified explicitly using 'hibernate.dialect' (remove the property setting and it will be selected by default)
2025-11-07T13:05:11.733+07:00  INFO 3656 --- [CMS] [main] o.s.o.j.p.SpringPersistenceUnitInfo      : No LoadTimeWeaver setup: ignoring JPA class transformer
2025-11-07T13:05:12.944+07:00  INFO 3656 --- [CMS] [main] o.h.e.t.j.p.i.JtaPlatformInitiator       : HHH000489: No JTA platform available (set 'hibernate.transaction.jta.platform' to enable JTA platform integration)
2025-11-07T13:05:12.969+07:00  WARN 3656 --- [CMS] [main] o.h.engine.jdbc.spi.SqlExceptionHelper   : SQL Warning Code: 0, SQLState: 00000
2025-11-07T13:05:12.969+07:00  WARN 3656 --- [CMS] [main] o.h.engine.jdbc.spi.SqlExceptionHelper   : table "materialized_view_birthdate_coming" does not exist, skipping
2025-11-07T13:05:12.969+07:00  WARN 3656 --- [CMS] [main] o.h.engine.jdbc.spi.SqlExceptionHelper   : SQL Warning Code: 0, SQLState: 00000
2025-11-07T13:05:12.969+07:00  WARN 3656 --- [CMS] [main] o.h.engine.jdbc.spi.SqlExceptionHelper   : table "master_activity" does not exist, skipping
2025-11-07T13:05:12.969+07:00  WARN 3656 --- [CMS] [main] o.h.engine.jdbc.spi.SqlExceptionHelper   : SQL Warning Code: 0, SQLState: 00000
2025-11-07T13:05:12.969+07:00  WARN 3656 --- [CMS] [main] o.h.engine.jdbc.spi.SqlExceptionHelper   : table "master_asset" does not exist, skipping
2025-11-07T13:05:12.969+07:00  WARN 3656 --- [CMS] [main] o.h.engine.jdbc.spi.SqlExceptionHelper   : SQL Warning Code: 0, SQLState: 00000
2025-11-07T13:05:12.969+07:00  WARN 3656 --- [CMS] [main] o.h.engine.jdbc.spi.SqlExceptionHelper   : table "master_board" does not exist, skipping
2025-11-07T13:05:12.969+07:00  WARN 3656 --- [CMS] [main] o.h.engine.jdbc.spi.SqlExceptionHelper   : SQL Warning Code: 0, SQLState: 00000
2025-11-07T13:05:12.969+07:00  WARN 3656 --- [CMS] [main] o.h.engine.jdbc.spi.SqlExceptionHelper   : table "master_congregation" does not exist, skipping
2025-11-07T13:05:12.973+07:00  WARN 3656 --- [CMS] [main] o.h.engine.jdbc.spi.SqlExceptionHelper   : SQL Warning Code: 0, SQLState: 00000
2025-11-07T13:05:12.973+07:00  WARN 3656 --- [CMS] [main] o.h.engine.jdbc.spi.SqlExceptionHelper   : table "master_news" does not exist, skipping
2025-11-07T13:05:12.973+07:00  WARN 3656 --- [CMS] [main] o.h.engine.jdbc.spi.SqlExceptionHelper   : SQL Warning Code: 0, SQLState: 00000
2025-11-07T13:05:12.973+07:00  WARN 3656 --- [CMS] [main] o.h.engine.jdbc.spi.SqlExceptionHelper   : table "tb_income" does not exist, skipping
2025-11-07T13:05:12.976+07:00  WARN 3656 --- [CMS] [main] o.h.engine.jdbc.spi.SqlExceptionHelper   : SQL Warning Code: 0, SQLState: 00000
2025-11-07T13:05:12.976+07:00  WARN 3656 --- [CMS] [main] o.h.engine.jdbc.spi.SqlExceptionHelper   : table "tb_outcome" does not exist, skipping
2025-11-07T13:05:12.976+07:00  WARN 3656 --- [CMS] [main] o.h.engine.jdbc.spi.SqlExceptionHelper   : SQL Warning Code: 0, SQLState: 00000
2025-11-07T13:05:12.976+07:00  WARN 3656 --- [CMS] [main] o.h.engine.jdbc.spi.SqlExceptionHelper   : table "users" does not exist, skipping
2025-11-07T13:05:13.120+07:00  INFO 3656 --- [CMS] [main] j.LocalContainerEntityManagerFactoryBean : Initialized JPA EntityManagerFactory for persistence unit 'default'
2025-11-07T13:05:13.887+07:00  INFO 3656 --- [CMS] [main] o.s.d.j.r.query.QueryEnhancerFactory     : Hibernate is in classpath; If applicable, HQL parser will be used.
2025-11-07T13:05:14.672+07:00  WARN 3656 --- [CMS] [main] JpaBaseConfiguration$JpaWebConfiguration : spring.jpa.open-in-view is enabled by default. Therefore, database queries may be performed during view rendering. Explicitly configure spring.jpa.open-in-view to disable this warning
2025-11-07T13:05:14.704+07:00  INFO 3656 --- [CMS] [main] r$InitializeUserDetailsManagerConfigurer : Global AuthenticationManager configured with UserDetailsService bean with name customUserDetailService
2025-11-07T13:05:15.472+07:00  INFO 3656 --- [CMS] [main] o.s.b.w.embedded.tomcat.TomcatWebServer  : Tomcat started on port 8080 (http) with context path '/'
2025-11-07T13:05:15.490+07:00  INFO 3656 --- [CMS] [main] C.CMS.CmsApplication                     : Started CmsApplication in 8.225 seconds (process running for 8.835)
2025-11-07T13:05:20.926+07:00  INFO 3656 --- [CMS] [http-nio-8080-exec-2] o.a.c.c.C.[Tomcat].[localhost].[/]       : Initializing Spring DispatcherServlet 'dispatcherServlet'
2025-11-07T13:08:39.673+07:00  INFO 3656 --- [CMS] [SpringApplicationShutdownHook] j.LocalContainerEntityManagerFactoryBean : Closing JPA EntityManagerFactory for persistence unit 'default'
2025-11-07T13:08:39.746+07:00  INFO 3656 --- [CMS] [SpringApplicationShutdownHook] com.zaxxer.hikari.HikariDataSource       : HikariPool-1 - Shutdown initiated...
2025-11-07T13:08:39.754+07:00  INFO 3656 --- [CMS] [SpringApplicationShutdownHook] com.zaxxer.hikari.HikariDataSource       : HikariPool-1 - Shutdown completed.
2025-11-07T13:08:44.528+07:00  INFO 8508 --- [CMS] [main] C.CMS.CmsApplication                     : Starting CmsApplication using Java 17.0.10 with PID 8508 (C:\Users\User\cms\ChurchManagementSystem\CMS\target\classes started by User in C:\Users\User\cms\ChurchManagementSystem)
2025-11-07T13:08:44.532+07:00  INFO 8508 --- [CMS] [main] C.CMS.CmsApplication                     : The following 1 profile is active: "local"
2025-11-07T13:08:46.011+07:00  INFO 8508 --- [CMS] [main] .s.d.r.c.RepositoryConfigurationDelegate : Bootstrapping Spring Data JPA repositories in DEFAULT mode.
2025-11-07T13:08:46.177+07:00  INFO 8508 --- [CMS] [main] .s.d.r.c.RepositoryConfigurationDelegate : Finished Spring Data repository scanning in 150 ms. Found 9 JPA repository interfaces.
2025-11-07T13:08:47.088+07:00  INFO 8508 --- [CMS] [main] o.s.b.w.embedded.tomcat.TomcatWebServer  : Tomcat initialized with port 8080 (http)
2025-11-07T13:08:47.100+07:00  INFO 8508 --- [CMS] [main] o.apache.catalina.core.StandardService   : Starting service [Tomcat]
2025-11-07T13:08:47.100+07:00  INFO 8508 --- [CMS] [main] o.apache.catalina.core.StandardEngine    : Starting Servlet engine: [Apache Tomcat/10.1.25]
2025-11-07T13:08:47.190+07:00  INFO 8508 --- [CMS] [main] o.a.c.c.C.[Tomcat].[localhost].[/]       : Initializing Spring embedded WebApplicationContext
2025-11-07T13:08:47.190+07:00  INFO 8508 --- [CMS] [main] w.s.c.ServletWebServerApplicationContext : Root WebApplicationContext: initialization completed in 2595 ms
2025-11-07T13:08:47.385+07:00  INFO 8508 --- [CMS] [main] o.hibernate.jpa.internal.util.LogHelper  : HHH000204: Processing PersistenceUnitInfo [name: default]
2025-11-07T13:08:47.524+07:00  INFO 8508 --- [CMS] [main] org.hibernate.Version                    : HHH000412: Hibernate ORM core version 6.5.2.Final
2025-11-07T13:08:47.604+07:00  INFO 8508 --- [CMS] [main] o.h.c.internal.RegionFactoryInitiator    : HHH000026: Second-level cache disabled
2025-11-07T13:08:47.802+07:00  INFO 8508 --- [CMS] [main] com.zaxxer.hikari.HikariDataSource       : HikariPool-1 - Starting...
2025-11-07T13:08:47.974+07:00  INFO 8508 --- [CMS] [main] com.zaxxer.hikari.pool.HikariPool        : HikariPool-1 - Added connection org.postgresql.jdbc.PgConnection@7608a838
2025-11-07T13:08:47.977+07:00  INFO 8508 --- [CMS] [main] com.zaxxer.hikari.HikariDataSource       : HikariPool-1 - Start completed.
2025-11-07T13:08:48.030+07:00  WARN 8508 --- [CMS] [main] org.hibernate.orm.deprecation            : HHH90000025: PostgreSQLDialect does not need to be specified explicitly using 'hibernate.dialect' (remove the property setting and it will be selected by default)
2025-11-07T13:08:48.459+07:00  INFO 8508 --- [CMS] [main] o.s.o.j.p.SpringPersistenceUnitInfo      : No LoadTimeWeaver setup: ignoring JPA class transformer
2025-11-07T13:08:49.672+07:00  INFO 8508 --- [CMS] [main] o.h.e.t.j.p.i.JtaPlatformInitiator       : HHH000489: No JTA platform available (set 'hibernate.transaction.jta.platform' to enable JTA platform integration)
2025-11-07T13:08:49.695+07:00  WARN 8508 --- [CMS] [main] o.h.engine.jdbc.spi.SqlExceptionHelper   : SQL Warning Code: 0, SQLState: 00000
2025-11-07T13:08:49.696+07:00  WARN 8508 --- [CMS] [main] o.h.engine.jdbc.spi.SqlExceptionHelper   : table "materialized_view_birthdate_coming" does not exist, skipping
2025-11-07T13:08:49.696+07:00  WARN 8508 --- [CMS] [main] o.h.engine.jdbc.spi.SqlExceptionHelper   : SQL Warning Code: 0, SQLState: 00000
2025-11-07T13:08:49.696+07:00  WARN 8508 --- [CMS] [main] o.h.engine.jdbc.spi.SqlExceptionHelper   : table "master_activity" does not exist, skipping
2025-11-07T13:08:49.697+07:00  WARN 8508 --- [CMS] [main] o.h.engine.jdbc.spi.SqlExceptionHelper   : SQL Warning Code: 0, SQLState: 00000
2025-11-07T13:08:49.697+07:00  WARN 8508 --- [CMS] [main] o.h.engine.jdbc.spi.SqlExceptionHelper   : table "master_asset" does not exist, skipping
2025-11-07T13:08:49.698+07:00  WARN 8508 --- [CMS] [main] o.h.engine.jdbc.spi.SqlExceptionHelper   : SQL Warning Code: 0, SQLState: 00000
2025-11-07T13:08:49.698+07:00  WARN 8508 --- [CMS] [main] o.h.engine.jdbc.spi.SqlExceptionHelper   : table "master_board" does not exist, skipping
2025-11-07T13:08:49.700+07:00  WARN 8508 --- [CMS] [main] o.h.engine.jdbc.spi.SqlExceptionHelper   : SQL Warning Code: 0, SQLState: 00000
2025-11-07T13:08:49.700+07:00  WARN 8508 --- [CMS] [main] o.h.engine.jdbc.spi.SqlExceptionHelper   : table "master_congregation" does not exist, skipping
2025-11-07T13:08:49.701+07:00  WARN 8508 --- [CMS] [main] o.h.engine.jdbc.spi.SqlExceptionHelper   : SQL Warning Code: 0, SQLState: 00000
2025-11-07T13:08:49.701+07:00  WARN 8508 --- [CMS] [main] o.h.engine.jdbc.spi.SqlExceptionHelper   : table "master_news" does not exist, skipping
2025-11-07T13:08:49.702+07:00  WARN 8508 --- [CMS] [main] o.h.engine.jdbc.spi.SqlExceptionHelper   : SQL Warning Code: 0, SQLState: 00000
2025-11-07T13:08:49.702+07:00  WARN 8508 --- [CMS] [main] o.h.engine.jdbc.spi.SqlExceptionHelper   : table "tb_income" does not exist, skipping
2025-11-07T13:08:49.703+07:00  WARN 8508 --- [CMS] [main] o.h.engine.jdbc.spi.SqlExceptionHelper   : SQL Warning Code: 0, SQLState: 00000
2025-11-07T13:08:49.703+07:00  WARN 8508 --- [CMS] [main] o.h.engine.jdbc.spi.SqlExceptionHelper   : table "tb_outcome" does not exist, skipping
2025-11-07T13:08:49.703+07:00  WARN 8508 --- [CMS] [main] o.h.engine.jdbc.spi.SqlExceptionHelper   : SQL Warning Code: 0, SQLState: 00000
2025-11-07T13:08:49.703+07:00  WARN 8508 --- [CMS] [main] o.h.engine.jdbc.spi.SqlExceptionHelper   : table "users" does not exist, skipping
2025-11-07T13:08:49.840+07:00  INFO 8508 --- [CMS] [main] j.LocalContainerEntityManagerFactoryBean : Initialized JPA EntityManagerFactory for persistence unit 'default'
2025-11-07T13:08:50.802+07:00  INFO 8508 --- [CMS] [main] o.s.d.j.r.query.QueryEnhancerFactory     : Hibernate is in classpath; If applicable, HQL parser will be used.
2025-11-07T13:08:51.667+07:00  WARN 8508 --- [CMS] [main] JpaBaseConfiguration$JpaWebConfiguration : spring.jpa.open-in-view is enabled by default. Therefore, database queries may be performed during view rendering. Explicitly configure spring.jpa.open-in-view to disable this warning
2025-11-07T13:08:51.694+07:00  INFO 8508 --- [CMS] [main] r$InitializeUserDetailsManagerConfigurer : Global AuthenticationManager configured with UserDetailsService bean with name customUserDetailService
2025-11-07T13:08:52.492+07:00  INFO 8508 --- [CMS] [main] o.s.b.w.embedded.tomcat.TomcatWebServer  : Tomcat started on port 8080 (http) with context path '/'
2025-11-07T13:08:52.510+07:00  INFO 8508 --- [CMS] [main] C.CMS.CmsApplication                     : Started CmsApplication in 8.626 seconds (process running for 9.197)
2025-11-07T13:08:58.331+07:00  INFO 8508 --- [CMS] [http-nio-8080-exec-2] o.a.c.c.C.[Tomcat].[localhost].[/]       : Initializing Spring DispatcherServlet 'dispatcherServlet'
2025-11-07T13:08:58.646+07:00  INFO 8508 --- [CMS] [http-nio-8080-exec-2] C.CMS.modules.news.service.NewsService   : content type: application/json
2025-11-07T13:09:12.298+07:00  INFO 8508 --- [CMS] [http-nio-8080-exec-3] C.CMS.modules.news.service.NewsService   : content type: image/png
2025-11-07T13:09:24.579+07:00  INFO 8508 --- [CMS] [http-nio-8080-exec-5] C.CMS.modules.news.service.NewsService   : content type: image/png
2025-11-07T13:24:19.627+07:00  INFO 8508 --- [CMS] [http-nio-8080-exec-7] C.CMS.modules.news.service.NewsService   : content type: image/png
2025-11-07T13:30:09.841+07:00  INFO 8508 --- [CMS] [http-nio-8080-exec-1] C.CMS.modules.news.service.NewsService   : content type: image/jpeg
